******************************************************************************
                  TI ARM Linker Unix v18.12.2                  
******************************************************************************
>> Linked Mon Dec  9 00:53:25 2019

OUTPUT FILE NAME:   <Final_Project_1.out>
ENTRY POINT SYMBOL: "_c_int00_noargs"  address: 00000d51


MEMORY CONFIGURATION

         name            origin    length      used     unused   attr    fill
----------------------  --------  ---------  --------  --------  ----  --------
  MAIN                  00000000   00040000  00000df4  0003f20c  R  X
  INFO                  00200000   00004000  00000000  00004000  R  X
  SRAM_CODE             01000000   00010000  0000020f  0000fdf1  RW X
  SRAM_DATA             20000000   00010000  0000020f  0000fdf1  RW  


SEGMENT ALLOCATION MAP

run origin  load origin   length   init length attrs members
----------  ----------- ---------- ----------- ----- -------
00000000    00000000    00000df8   00000df8    r-x
  00000000    00000000    000000e4   000000e4    r-- .intvecs
  000000e4    000000e4    00000ce0   00000ce0    r-x .text
  00000dc8    00000dc8    00000030   00000030    r-- .cinit
20000000    20000000    00000010   00000000    rw-
  20000000    20000000    0000000b   00000000    rw- .bss
  2000000c    2000000c    00000004   00000000    rw- .data
2000fe00    2000fe00    00000200   00000000    rw-
  2000fe00    2000fe00    00000200   00000000    rw- .stack


SECTION ALLOCATION MAP

 output                                  attributes/
section   page    origin      length       input sections
--------  ----  ----------  ----------   ----------------
.intvecs   0    00000000    000000e4     
                  00000000    000000e4     startup_msp432p401r_ccs.obj (.intvecs:retain)

.text      0    000000e4    00000ce0     
                  000000e4    00000334     system_msp432p401r.obj (.text)
                  00000418    00000234     ADC_my.obj (.text)
                  0000064c    00000208     motor.obj (.text)
                  00000854    000001dc     uart.obj (.text)
                  00000a30    0000013c     psense.obj (.text)
                  00000b6c    0000009c     main.obj (.text)
                  00000c08    0000009c     rtsv7M4_T_le_v4SPD16_eabi.lib : memcpy_t2.asm.obj (.text)
                  00000ca4    00000068                                   : copy_decompress_lzss.c.obj (.text:decompress:lzss:__TI_decompress_lzss)
                  00000d0c    00000044                                   : autoinit.c.obj (.text:__TI_auto_init_nobinit_nopinit:__TI_auto_init_nobinit_nopinit)
                  00000d50    00000034                                   : boot_cortex_m.c.obj (.text:_c_int00_noargs:_c_int00_noargs)
                  00000d84    0000001c                                   : copy_zero_init.c.obj (.text:decompress:ZI:__TI_zero_init_nomemset:__TI_zero_init_nomemset)
                  00000da0    0000000e                                   : copy_decompress_none.c.obj (.text:decompress:none:__TI_decompress_none)
                  00000dae    0000000e     startup_msp432p401r_ccs.obj (.text)
                  00000dbc    00000004     rtsv7M4_T_le_v4SPD16_eabi.lib : pre_init.c.obj (.text:_system_pre_init)
                  00000dc0    00000004                                   : exit.c.obj (.text:abort:abort)

.cinit     0    00000dc8    00000030     
                  00000dc8    0000000c     (__TI_handler_table)
                  00000dd4    00000004     --HOLE-- [fill = 0]
                  00000dd8    00000008     (.cinit..bss.load) [load image, compression = zero_init]
                  00000de0    00000008     (.cinit..data.load) [load image, compression = lzss]
                  00000de8    00000010     (__TI_cinit_table)

.init_array 
*          0    00000000    00000000     UNINITIALIZED

.binit     0    00000000    00000000     

.bss       0    20000000    0000000b     UNINITIALIZED
                  20000000    00000004     (.common:is_empty)
                  20000004    00000004     (.common:sent)
                  20000008    00000001     (.common:hor_direction)
                  20000009    00000001     (.common:schedule_event)
                  2000000a    00000001     (.common:vert_direction)

.data      0    2000000c    00000004     UNINITIALIZED
                  2000000c    00000004     system_msp432p401r.obj (.data)

.stack     0    2000fe00    00000200     UNINITIALIZED
                  2000fe00    00000004     rtsv7M4_T_le_v4SPD16_eabi.lib : boot_cortex_m.c.obj (.stack)
                  2000fe04    000001fc     --HOLE--

MODULE SUMMARY

       Module                        code   ro data   rw data
       ------                        ----   -------   -------
    ./
       system_msp432p401r.obj        820    0         8      
       ADC_my.obj                    564    0         12     
       motor.obj                     520    0         0      
       uart.obj                      476    0         0      
       psense.obj                    316    0         0      
       startup_msp432p401r_ccs.obj   14     228       0      
       main.obj                      156    0         10     
    +--+-----------------------------+------+---------+---------+
       Total:                        2866   228       30     
                                                             
    /Applications/ti/ccs910/ccs/tools/compiler/ti-cgt-arm_18.12.2.LTS/lib/rtsv7M4_T_le_v4SPD16_eabi.lib
       memcpy_t2.asm.obj             156    0         0      
       copy_decompress_lzss.c.obj    104    0         0      
       autoinit.c.obj                68     0         0      
       boot_cortex_m.c.obj           52     0         0      
       copy_zero_init.c.obj          28     0         0      
       copy_decompress_none.c.obj    14     0         0      
       exit.c.obj                    4      0         0      
       pre_init.c.obj                4      0         0      
    +--+-----------------------------+------+---------+---------+
       Total:                        430    0         0      
                                                             
       Stack:                        0      0         1024   
       Linker Generated:             0      44        0      
    +--+-----------------------------+------+---------+---------+
       Grand Total:                  3296   272       1054   


LINKER GENERATED COPY TABLES

__TI_cinit_table @ 00000de8 records: 2, size/record: 8, table size: 16
	.bss: load addr=00000dd8, load size=00000008 bytes, run addr=20000000, run size=0000000b bytes, compression=zero_init
	.data: load addr=00000de0, load size=00000008 bytes, run addr=2000000c, run size=00000004 bytes, compression=lzss


LINKER GENERATED HANDLER TABLE

__TI_handler_table @ 00000dc8 records: 3, size/record: 4, table size: 12
	index: 0, handler: __TI_decompress_lzss
	index: 1, handler: __TI_decompress_none
	index: 2, handler: __TI_zero_init


GLOBAL SYMBOLS: SORTED ALPHABETICALLY BY Name 

address   name                          
-------   ----                          
00000595  ADC14_IRQHandler              
00000595  ADC14_IRQHandler              
00000dbb  AES256_IRQHandler             
00000dbb  BusFault_Handler              
00000dc1  C$$EXIT                       
00000dbb  COMP_E0_IRQHandler            
00000dbb  COMP_E1_IRQHandler            
00000dbb  CS_IRQHandler                 
00000445  Configure_ADC                 
00000dbb  DMA_ERR_IRQHandler            
00000dbb  DMA_INT0_IRQHandler           
00000dbb  DMA_INT1_IRQHandler           
00000dbb  DMA_INT2_IRQHandler           
00000dbb  DMA_INT3_IRQHandler           
00000dbb  DebugMon_Handler              
00000dbb  Default_Handler               
00000dbb  EUSCIA0_IRQHandler            
00000dbb  EUSCIA1_IRQHandler            
00000951  EUSCIA2_IRQHandler            
00000951  EUSCIA2_IRQHandler            
00000dbb  EUSCIA3_IRQHandler            
00000dbb  EUSCIB0_IRQHandler            
00000dbb  EUSCIB1_IRQHandler            
00000dbb  EUSCIB2_IRQHandler            
00000dbb  EUSCIB3_IRQHandler            
00000dbb  FLCTL_IRQHandler              
00000dbb  FPU_IRQHandler                
00000dbb  HardFault_Handler             
00000dbb  MemManage_Handler             
00000dbb  NMI_Handler                   
00000dbb  PCM_IRQHandler                
00000dbb  PORT1_IRQHandler              
00000dbb  PORT2_IRQHandler              
00000dbb  PORT3_IRQHandler              
00000dbb  PORT4_IRQHandler              
00000dbb  PORT5_IRQHandler              
00000dbb  PORT6_IRQHandler              
00000dbb  PSS_IRQHandler                
00000dbb  PendSV_Handler                
00000dbb  RTC_C_IRQHandler              
00000daf  Reset_Handler                 
00000dbb  SVC_Handler                   
00000dbb  SysTick_Handler               
2000000c  SystemCoreClock               
000000e5  SystemCoreClockUpdate         
0000035d  SystemInit                    
00000dbb  T32_INT1_IRQHandler           
00000dbb  T32_INT2_IRQHandler           
00000dbb  T32_INTC_IRQHandler           
000007ed  TA0_0_IRQHandler              
000007ed  TA0_0_IRQHandler              
00000dbb  TA0_N_IRQHandler              
00000dbb  TA1_0_IRQHandler              
00000dbb  TA1_N_IRQHandler              
00000dbb  TA2_0_IRQHandler              
00000dbb  TA2_N_IRQHandler              
00000dbb  TA3_0_IRQHandler              
00000dbb  TA3_N_IRQHandler              
00000dbb  UsageFault_Handler            
4000480c  WDTCTL_SYM                    
00000dbb  WDT_A_IRQHandler              
20010000  __STACK_END                   
00000200  __STACK_SIZE                  
00000de8  __TI_CINIT_Base               
00000df8  __TI_CINIT_Limit              
00000dc8  __TI_Handler_Table_Base       
00000dd4  __TI_Handler_Table_Limit      
00000d0d  __TI_auto_init_nobinit_nopinit
00000ca5  __TI_decompress_lzss          
00000da1  __TI_decompress_none          
ffffffff  __TI_pprof_out_hndl           
ffffffff  __TI_prof_data_size           
ffffffff  __TI_prof_data_start          
00000000  __TI_static_base__            
00000d85  __TI_zero_init_nomemset       
00000c09  __aeabi_memcpy                
00000c09  __aeabi_memcpy4               
00000c09  __aeabi_memcpy8               
ffffffff  __binit__                     
ffffffff  __c_args__                    
UNDEFED   __mpu_init                    
2000fe00  __stack                       
00000d51  _c_int00_noargs               
UNDEFED   _system_post_cinit            
00000dbd  _system_pre_init              
00000dc1  abort                         
ffffffff  binit                         
000006b7  config_motor                  
00000a5d  config_psense                 
000006fd  config_pwm_timer              
00000787  forward                       
20000008  hor_direction                 
00000881  init_UART                     
00000000  interruptVectors              
20000000  is_empty                      
000007b3  left                          
00000b6d  main                          
00000c09  memcpy                        
00000949  read_data                     
0000079d  reverse                       
000007c9  right                         
20000009  schedule_event                
00000915  send_char                     
20000004  sent                          
000007df  stop                          
0000077b  toggle                        
000008e9  uart_clock_config             
2000000a  vert_direction                


GLOBAL SYMBOLS: SORTED BY Symbol Address 

address   name                          
-------   ----                          
00000000  __TI_static_base__            
00000000  interruptVectors              
000000e5  SystemCoreClockUpdate         
00000200  __STACK_SIZE                  
0000035d  SystemInit                    
00000445  Configure_ADC                 
00000595  ADC14_IRQHandler              
00000595  ADC14_IRQHandler              
000006b7  config_motor                  
000006fd  config_pwm_timer              
0000077b  toggle                        
00000787  forward                       
0000079d  reverse                       
000007b3  left                          
000007c9  right                         
000007df  stop                          
000007ed  TA0_0_IRQHandler              
000007ed  TA0_0_IRQHandler              
00000881  init_UART                     
000008e9  uart_clock_config             
00000915  send_char                     
00000949  read_data                     
00000951  EUSCIA2_IRQHandler            
00000951  EUSCIA2_IRQHandler            
00000a5d  config_psense                 
00000b6d  main                          
00000c09  __aeabi_memcpy                
00000c09  __aeabi_memcpy4               
00000c09  __aeabi_memcpy8               
00000c09  memcpy                        
00000ca5  __TI_decompress_lzss          
00000d0d  __TI_auto_init_nobinit_nopinit
00000d51  _c_int00_noargs               
00000d85  __TI_zero_init_nomemset       
00000da1  __TI_decompress_none          
00000daf  Reset_Handler                 
00000dbb  AES256_IRQHandler             
00000dbb  BusFault_Handler              
00000dbb  COMP_E0_IRQHandler            
00000dbb  COMP_E1_IRQHandler            
00000dbb  CS_IRQHandler                 
00000dbb  DMA_ERR_IRQHandler            
00000dbb  DMA_INT0_IRQHandler           
00000dbb  DMA_INT1_IRQHandler           
00000dbb  DMA_INT2_IRQHandler           
00000dbb  DMA_INT3_IRQHandler           
00000dbb  DebugMon_Handler              
00000dbb  Default_Handler               
00000dbb  EUSCIA0_IRQHandler            
00000dbb  EUSCIA1_IRQHandler            
00000dbb  EUSCIA3_IRQHandler            
00000dbb  EUSCIB0_IRQHandler            
00000dbb  EUSCIB1_IRQHandler            
00000dbb  EUSCIB2_IRQHandler            
00000dbb  EUSCIB3_IRQHandler            
00000dbb  FLCTL_IRQHandler              
00000dbb  FPU_IRQHandler                
00000dbb  HardFault_Handler             
00000dbb  MemManage_Handler             
00000dbb  NMI_Handler                   
00000dbb  PCM_IRQHandler                
00000dbb  PORT1_IRQHandler              
00000dbb  PORT2_IRQHandler              
00000dbb  PORT3_IRQHandler              
00000dbb  PORT4_IRQHandler              
00000dbb  PORT5_IRQHandler              
00000dbb  PORT6_IRQHandler              
00000dbb  PSS_IRQHandler                
00000dbb  PendSV_Handler                
00000dbb  RTC_C_IRQHandler              
00000dbb  SVC_Handler                   
00000dbb  SysTick_Handler               
00000dbb  T32_INT1_IRQHandler           
00000dbb  T32_INT2_IRQHandler           
00000dbb  T32_INTC_IRQHandler           
00000dbb  TA0_N_IRQHandler              
00000dbb  TA1_0_IRQHandler              
00000dbb  TA1_N_IRQHandler              
00000dbb  TA2_0_IRQHandler              
00000dbb  TA2_N_IRQHandler              
00000dbb  TA3_0_IRQHandler              
00000dbb  TA3_N_IRQHandler              
00000dbb  UsageFault_Handler            
00000dbb  WDT_A_IRQHandler              
00000dbd  _system_pre_init              
00000dc1  C$$EXIT                       
00000dc1  abort                         
00000dc8  __TI_Handler_Table_Base       
00000dd4  __TI_Handler_Table_Limit      
00000de8  __TI_CINIT_Base               
00000df8  __TI_CINIT_Limit              
20000000  is_empty                      
20000004  sent                          
20000008  hor_direction                 
20000009  schedule_event                
2000000a  vert_direction                
2000000c  SystemCoreClock               
2000fe00  __stack                       
20010000  __STACK_END                   
4000480c  WDTCTL_SYM                    
ffffffff  __TI_pprof_out_hndl           
ffffffff  __TI_prof_data_size           
ffffffff  __TI_prof_data_start          
ffffffff  __binit__                     
ffffffff  __c_args__                    
ffffffff  binit                         
UNDEFED   __mpu_init                    
UNDEFED   _system_post_cinit            

[108 symbols]
